---
source: crates/pai-lexer/tests/scanner.rs
expression: content
---
Ok(Punctuator(Hash))
Ok(Punctuator(Not))
Ok(Ident(Ident { raw: "hashbang" }))
Ok(Comment(Line("... comment str")))
Ok(Comment(Block(" block comment")))
Ok(Keyword(Const))
Ok(Ident(Ident { raw: "ab" }))
Ok(Punctuator(Assign))
Ok(Punctuator(LBrace))
Ok(Punctuator(RBrace))
Ok(Punctuator(Semi))
Ok(Comment(Line(" \\u{20FFFF}")))
Ok(Keyword(Const))
Ok(Ident(Ident { raw: "c" }))
Ok(Punctuator(Assign))
Ok(Lit(Number("0o21_033553")))
Ok(Punctuator(Semi))
Ok(Keyword(Const))
Ok(Ident(Ident { raw: "d" }))
Ok(Punctuator(Assign))
Ok(Lit(Number("0.1534")))
Ok(Punctuator(Semi))
Ok(Keyword(Const))
Ok(Ident(Ident { raw: "e" }))
Ok(Punctuator(Assign))
Ok(Lit(Number("1215")))
Ok(Punctuator(Semi))
Ok(Keyword(Const))
Ok(Ident(Ident { raw: "f" }))
Ok(Punctuator(Assign))
Ok(Lit(String("hello word")))
Ok(Punctuator(Semi))

